== resolved register-indirect jumps ==
F804D5 JMP SP -> 0157
F804D5 JMP SP -> 0162
F804D5 JMP SP -> 0176
F804D5 JMP SP -> 0181
F804D5 JMP SP -> 018C
F804D5 JMP SP -> 0197
F804D5 JMP SP -> 01B1
F804D5 JMP SP -> 01C2
F804D5 JMP SP -> 01F6
F804D5 JMP SP -> 023F
F804D5 JMP SP -> 0259
F804D5 JMP SP -> 0283
F804D5 JMP SP -> 029D
F804D5 JMP SP -> 02F1
F804D5 JMP SP -> 0302
F804D5 JMP SP -> 0336
F804D5 JMP SP -> 034A
F804D5 JMP SP -> 0355
F804D5 JMP SP -> 0360
F804D5 JMP SP -> 036B
F804D5 JMP SP -> 0376
F804D5 JMP SP -> 0381
F804E3 JMP SP -> 01A4
F804E3 JMP SP -> 01B7
F804E3 JMP SP -> 01CB
F804E3 JMP SP -> 01FF
F804E3 JMP SP -> 020E
F804E3 JMP SP -> 02E4
F804E3 JMP SP -> 02F7
F804E3 JMP SP -> 030B
== UNRESOLVED ==
F800E3 JMP SI
F8042D JMP BP
bytes covered 1135
