== port tables ==
walker call at F803EB table@03EE (5 entries), resumes 03FA
   03F0: OUT 0068, 02
   03F2: OUT 00A8, 37
   03F4: OUT 00AA, 15
   03F6: OUT 00AC, 26
   03F8: OUT 00AE, 04
== resolved register-indirect jumps ==
F8042D JMP BP -> 00A3
F804D5 JMP SP -> 0157
F804D5 JMP SP -> 0162
F804D5 JMP SP -> 0176
F804D5 JMP SP -> 0181
F804D5 JMP SP -> 018C
F804D5 JMP SP -> 0197
F804D5 JMP SP -> 01B1
F804D5 JMP SP -> 01C2
F804D5 JMP SP -> 01F6
F804D5 JMP SP -> 023F
F804D5 JMP SP -> 0259
F804D5 JMP SP -> 0283
F804D5 JMP SP -> 029D
F804D5 JMP SP -> 02F1
F804D5 JMP SP -> 0302
F804D5 JMP SP -> 0336
F804D5 JMP SP -> 034A
F804D5 JMP SP -> 0355
F804D5 JMP SP -> 0360
F804D5 JMP SP -> 036B
F804D5 JMP SP -> 0376
F804D5 JMP SP -> 0381
F804E3 JMP SP -> 00A9
F804E3 JMP SP -> 01A4
F804E3 JMP SP -> 01B7
F804E3 JMP SP -> 01CB
F804E3 JMP SP -> 01FF
F804E3 JMP SP -> 020E
F804E3 JMP SP -> 02E4
F804E3 JMP SP -> 02F7
F804E3 JMP SP -> 030B
F81E55 JMP SP -> 00A9
== UNRESOLVED ==
F800E3 JMP SI
bytes covered 1239
