== port tables ==
walker call at F800D3 table@00E5 (13 entries), resumes 0101
   00E7: OUT 0011, 44
   00E9: OUT 0037, 92
   00EB: OUT 0037, 07
   00ED: OUT 0050, 00
   00EF: OUT 0037, 0D
   00F1: OUT 0046, 82
   00F3: OUT 0046, 0F
   00F5: OUT 0037, 0C
   00F7: OUT 0037, 0F
   00F9: OUT 0037, 0A
   00FB: OUT 006A, 07
   00FD: OUT 006A, 04
   00FF: OUT 006A, 06
walker call at F803EB table@03EE (5 entries), resumes 03FA
   03F0: OUT 0068, 02
   03F2: OUT 00A8, 37
   03F4: OUT 00AA, 15
   03F6: OUT 00AC, 26
   03F8: OUT 00AE, 04
walker call at F805E3 table@05E6 (10 entries), resumes 05FC
   05E8: OUT 0029, 00
   05EA: OUT 0029, 01
   05EC: OUT 0029, 02
   05EE: OUT 0029, 03
   05F0: OUT 001B, 00
   05F2: OUT 0027, 00
   05F4: OUT 0021, 00
   05F6: OUT 0023, 00
   05F8: OUT 0025, 00
   05FA: OUT 0011, 40
== resolved register-indirect jumps ==
F8042D JMP BP -> 00A3
F8042D JMP BP -> 057F
F804D5 JMP SP -> 0157
F804D5 JMP SP -> 0162
F804D5 JMP SP -> 0176
F804D5 JMP SP -> 0181
F804D5 JMP SP -> 018C
F804D5 JMP SP -> 0197
F804D5 JMP SP -> 01B1
F804D5 JMP SP -> 01C2
F804D5 JMP SP -> 01F6
F804D5 JMP SP -> 023F
F804D5 JMP SP -> 0259
F804D5 JMP SP -> 0283
F804D5 JMP SP -> 029D
F804D5 JMP SP -> 02F1
F804D5 JMP SP -> 0302
F804D5 JMP SP -> 0336
F804D5 JMP SP -> 034A
F804D5 JMP SP -> 0355
F804D5 JMP SP -> 0360
F804D5 JMP SP -> 036B
F804D5 JMP SP -> 0376
F804D5 JMP SP -> 0381
F804E3 JMP SP -> 00A9
F804E3 JMP SP -> 01A4
F804E3 JMP SP -> 01B7
F804E3 JMP SP -> 01CB
F804E3 JMP SP -> 01FF
F804E3 JMP SP -> 020E
F804E3 JMP SP -> 02E4
F804E3 JMP SP -> 02F7
F804E3 JMP SP -> 030B
F805DE JMP SP -> 05E0
F805DE JMP SP -> 1864
F80653 JMP BP -> 0672
F80653 JMP BP -> 06CF
F80653 JMP BP -> 175F
F80653 JMP BP -> 1769
F80667 JMP BP -> 06D5
F80667 JMP BP -> 176F
F80667 JMP BP -> 1786
F80667 JMP BP -> 1792
F80670 JMP BP -> 06D5
F80670 JMP BP -> 176F
F80670 JMP BP -> 1786
F80670 JMP BP -> 1792
F81E55 JMP SP -> 00A9
F8205C JMP BP -> 1FA4
F8205C JMP BP -> 1FC1
F8340C JMP BP -> 35FF
F8340C JMP BP -> 36BE
F8340C JMP BP -> 377C
F83438 JMP BP -> 35FF
F83438 JMP BP -> 36BE
F83438 JMP BP -> 377C
F8344B JMP SP -> 203E
F8344B JMP SP -> 34EC
F8344B JMP SP -> 3566
F8344B JMP SP -> 358A
F8344B JMP SP -> 35C3
F8344B JMP SP -> 3605
F8344B JMP SP -> 368A
F8344B JMP SP -> 36C4
F8344B JMP SP -> 3748
F8344B JMP SP -> 3782
F83456 JMP SP -> 203E
F83456 JMP SP -> 34EC
F83456 JMP SP -> 3566
F83456 JMP SP -> 358A
F83456 JMP SP -> 35C3
F83456 JMP SP -> 3605
F83456 JMP SP -> 368A
F83456 JMP SP -> 36C4
F83456 JMP SP -> 3748
F83456 JMP SP -> 3782
F8346F JMP SP -> 2048
F8346F JMP SP -> 2052
F8346F JMP SP -> 205C
F8346F JMP SP -> 34F6
F8346F JMP SP -> 3570
F8346F JMP SP -> 357A
F8346F JMP SP -> 3594
F8346F JMP SP -> 359E
F8346F JMP SP -> 35CD
F8346F JMP SP -> 35D7
F8346F JMP SP -> 35E2
F8346F JMP SP -> 360F
F8346F JMP SP -> 361F
F8346F JMP SP -> 3629
F8346F JMP SP -> 3633
F8346F JMP SP -> 363D
F8346F JMP SP -> 3647
F8346F JMP SP -> 3694
F8346F JMP SP -> 369E
F8346F JMP SP -> 36A9
F8346F JMP SP -> 36CE
F8346F JMP SP -> 36DE
F8346F JMP SP -> 36E9
F8346F JMP SP -> 36F5
F8346F JMP SP -> 3701
F8346F JMP SP -> 370D
F8346F JMP SP -> 3717
F8346F JMP SP -> 3721
F8346F JMP SP -> 372B
F8346F JMP SP -> 3752
F8346F JMP SP -> 375C
F8346F JMP SP -> 3767
F8346F JMP SP -> 378C
F8346F JMP SP -> 379C
F8346F JMP SP -> 37A7
F8346F JMP SP -> 37B3
F8346F JMP SP -> 37BF
F8346F JMP SP -> 37CB
F8346F JMP SP -> 37D5
F8346F JMP SP -> 37DF
F8346F JMP SP -> 37E9
F83480 JMP SP -> 2048
F83480 JMP SP -> 2052
F83480 JMP SP -> 205C
F83480 JMP SP -> 34F6
F83480 JMP SP -> 3570
F83480 JMP SP -> 357A
F83480 JMP SP -> 3594
F83480 JMP SP -> 359E
F83480 JMP SP -> 35CD
F83480 JMP SP -> 35D7
F83480 JMP SP -> 35E2
F83480 JMP SP -> 360F
F83480 JMP SP -> 361F
F83480 JMP SP -> 3629
F83480 JMP SP -> 3633
F83480 JMP SP -> 363D
F83480 JMP SP -> 3647
F83480 JMP SP -> 3694
F83480 JMP SP -> 369E
F83480 JMP SP -> 36A9
F83480 JMP SP -> 36CE
F83480 JMP SP -> 36DE
F83480 JMP SP -> 36E9
F83480 JMP SP -> 36F5
F83480 JMP SP -> 3701
F83480 JMP SP -> 370D
F83480 JMP SP -> 3717
F83480 JMP SP -> 3721
F83480 JMP SP -> 372B
F83480 JMP SP -> 3752
F83480 JMP SP -> 375C
F83480 JMP SP -> 3767
F83480 JMP SP -> 378C
F83480 JMP SP -> 379C
F83480 JMP SP -> 37A7
F83480 JMP SP -> 37B3
F83480 JMP SP -> 37BF
F83480 JMP SP -> 37CB
F83480 JMP SP -> 37D5
F83480 JMP SP -> 37DF
F83480 JMP SP -> 37E9
F83483 JMP SP -> 203E
F83483 JMP SP -> 2048
F83483 JMP SP -> 2052
F83483 JMP SP -> 205C
F83483 JMP SP -> 34EC
F83483 JMP SP -> 34F6
F83483 JMP SP -> 34FD
F83483 JMP SP -> 350B
F83483 JMP SP -> 351E
F83483 JMP SP -> 3528
F83483 JMP SP -> 3530
F83483 JMP SP -> 3538
F83483 JMP SP -> 3540
F83483 JMP SP -> 3548
F83483 JMP SP -> 3550
F83483 JMP SP -> 3566
F83483 JMP SP -> 3570
F83483 JMP SP -> 357A
F83483 JMP SP -> 358A
F83483 JMP SP -> 3594
F83483 JMP SP -> 359E
F83483 JMP SP -> 35C3
F83483 JMP SP -> 35CD
F83483 JMP SP -> 35D7
F83483 JMP SP -> 35E2
F83483 JMP SP -> 3605
F83483 JMP SP -> 360F
F83483 JMP SP -> 361F
F83483 JMP SP -> 3629
F83483 JMP SP -> 3633
F83483 JMP SP -> 363D
F83483 JMP SP -> 3647
F83483 JMP SP -> 368A
F83483 JMP SP -> 3694
F83483 JMP SP -> 369E
F83483 JMP SP -> 36A9
F83483 JMP SP -> 36C4
F83483 JMP SP -> 36CE
F83483 JMP SP -> 36DE
F83483 JMP SP -> 36E9
F83483 JMP SP -> 36F5
F83483 JMP SP -> 3701
F83483 JMP SP -> 370D
F83483 JMP SP -> 3717
F83483 JMP SP -> 3721
F83483 JMP SP -> 372B
F83483 JMP SP -> 3748
F83483 JMP SP -> 3752
F83483 JMP SP -> 375C
F83483 JMP SP -> 3767
F83483 JMP SP -> 3782
F83483 JMP SP -> 378C
F83483 JMP SP -> 379C
F83483 JMP SP -> 37A7
F83483 JMP SP -> 37B3
F83483 JMP SP -> 37BF
F83483 JMP SP -> 37CB
F83483 JMP SP -> 37D5
F83483 JMP SP -> 37DF
F83483 JMP SP -> 37E9
F8349A JMP SP -> 34FD
F8349A JMP SP -> 350B
F8349A JMP SP -> 351E
F8349A JMP SP -> 3528
F8349A JMP SP -> 3530
F8349A JMP SP -> 3538
F8349A JMP SP -> 3540
F8349A JMP SP -> 3548
F8349A JMP SP -> 3550
F834A9 JMP SP -> 34FD
F834A9 JMP SP -> 350B
F834A9 JMP SP -> 351E
F834A9 JMP SP -> 3528
F834A9 JMP SP -> 3530
F834A9 JMP SP -> 3538
F834A9 JMP SP -> 3540
F834A9 JMP SP -> 3548
F834A9 JMP SP -> 3550
F834C6 JMP BP -> 1FB0
F834C6 JMP BP -> 1FCE
F834E1 JMP BP -> 1FB6
F834E1 JMP BP -> 1FD4
F834E1 JMP BP -> 1FE0
F834E4 JMP BP -> 1FB6
F834E4 JMP BP -> 1FD4
F834E4 JMP BP -> 1FE0
F83516 JMP BP -> 3582
F83516 JMP BP -> 35A6
F83516 JMP BP -> 35EA
F83516 JMP BP -> 364F
F83516 JMP BP -> 36B1
F83516 JMP BP -> 3733
F83516 JMP BP -> 376F
F83516 JMP BP -> 37F1
F8355E JMP BP -> 364F
F8355E JMP BP -> 3733
F8355E JMP BP -> 37F1
F835A6 JMP BX -> 1FF0
F835A6 JMP BX -> 2000
F835B4 JMP BX -> 1FF8
F835ED JMP BX -> 1FF8
F83658 JMP BX -> 1FF8
F83668 JMP BX -> 2008
F836B4 JMP BX -> 2008
F83739 JMP BX -> 2008
F83772 JMP BX -> 2008
F837F6 JMP BX -> 2008
== UNRESOLVED ==
F81892 JMP FAR 0h:4F8h
bytes covered 3915
