== port tables ==
== resolved register-indirect jumps ==
F805DE JMP SP -> 0CC9
F805DE JMP SP -> 1864
F80653 JMP BP -> 175F
F80653 JMP BP -> 1769
F80667 JMP BP -> 176F
F80667 JMP BP -> 1786
F80667 JMP BP -> 1792
F80670 JMP BP -> 176F
F80670 JMP BP -> 1786
F80670 JMP BP -> 1792
F80C36 JMP SP -> 0BC9
F80C36 JMP SP -> 0BCF
F80C36 JMP SP -> 0BE7
F80C36 JMP SP -> 0C09
F80C43 JMP SP -> 0BED
F80C43 JMP SP -> 0C0F
F80C46 JMP SP -> 0BED
F80C46 JMP SP -> 0C0F
F818BC JMP SP -> 0E0B
F818BC JMP SP -> 0E11
F818BC JMP SP -> 0E21
F818BC JMP SP -> 0E3B
F818BC JMP SP -> 1ADC
F818EC JMP SP -> 0E27
F818EC JMP SP -> 0E41
F818EF JMP SP -> 0E27
F818EF JMP SP -> 0E41
F81A3F JMP BP -> 0DE9
F81A3F JMP BP -> 0E5C
F81ACA JMP BP -> 0E89
F81B1A JMP BP -> 0E7D
F81B32 JMP SP -> 1AC6
F81B32 JMP SP -> 1B16
F81E55 JMP SP -> 0B7B
F81E55 JMP SP -> 0C2C
F81E55 JMP SP -> 0C6A
F81E55 JMP SP -> 0CAC
F81E55 JMP SP -> 0CFA
F81E55 JMP SP -> 0D16
F81E55 JMP SP -> 0D2A
F81E55 JMP SP -> 0D56
F81E55 JMP SP -> 0D7C
F81E55 JMP SP -> 19D6
F81E55 JMP SP -> 1A54
F81E55 JMP SP -> 1AF1
F81E86 JMP SP -> 1A75
F81E86 JMP SP -> 1A7F
F81E86 JMP SP -> 1A87
F81E86 JMP SP -> 1A9D
F81E86 JMP SP -> 1AA9
F81E86 JMP SP -> 1AB5
F81E86 JMP SP -> 1AC0
F81E86 JMP SP -> 1B10
== UNRESOLVED ==
F80F5E JMP FAR 38h:1064h
F8130E JMP FAR 38h:159Dh
F81892 JMP FAR 0h:4F8h
bytes covered 2468
